// Jest Snapshot v1, https://goo.gl/fbAQLP

exports[`<Navbar /> should render properly 1`] = `
<body>
  <div>
    <div
      class="w-full h-[67px] bg-black-100 mb-[8vh] md:mb-[15vh] shadow-[0_2px_8px_1px_rgba(0,0,0,0.1)] flex justify-center dark:bg-[#282828] dark:shadow-[0_2px_8px_1px_rgba(154,154,154,0.1)]"
    >
      Navbar header
    </div>
  </div>
</body>
`;
