// Jest Snapshot v1, https://goo.gl/fbAQLP

exports[`shared - ui - Input should render properly 1`] = `
<body>
  <div>
    <div>
      <div
        class="flex flex-col items-start"
      >
        <input
          aria-label="input"
          class="w-full h-[34px] rounded-[7px] border-[0.5px] border-solid px-[17px] py-[6px] dark:text-black-900 focus:dark:drop-shadow-[0px_1px_17px_#406FCB] outline-none disabled:bg-black-200 disabled:text-black-700 disabled:border-black-600 dark:disabled:bg-black-500 border-black-800 focus:border-primary-800"
          id=""
          name=""
          placeholder="Input Text Here..."
          type="text"
          value=""
        />
      </div>
    </div>
  </div>
</body>
`;
