// Jest Snapshot v1, https://goo.gl/fbAQLP

exports[`shared - ui - radio should render properly 1`] = `
<body>
  <div>
    <div>
      <label>
        <input
          class="w-6 h-6 peer sr-only"
          type="radio"
          value="test"
        />
        <div
          class="inline-block peer-checked:[&>*]:bg-primary-700 w-6 h-6 bg-black-100 peer-checked:bg-transparent rounded-full p-[1.1px] border-solid border-[1px] border-black-800"
        >
          <div
            class="w-5 h-5 rounded-full"
          />
        </div>
      </label>
    </div>
  </div>
</body>
`;
