// Jest Snapshot v1, https://goo.gl/fbAQLP

exports[`<ToggleMode /> should render properly 1`] = `
<body>
  <div>
    <div
      class="bg-black-300 w-24 h-12 rounded-full relative left transition-all duration-700"
    >
      <input
        aria-label="toggle-mode"
        class="opacity-0 peer w-24 h-24 z-10"
        id="toggle-mode"
        type="checkbox"
      />
      <label
        class="rounded-full absolute bg-black-100 p-1 left-2 top-1 peer-checked:bg-black-800 peer-checked:left-12 transition-all duration-1000 w-10 h-10 justify-center"
        for="toggle-mode"
      >
        <svg
          class="scale-90 -translate-x-[2px]"
          data-testid="light-mode-icon"
          fill="none"
          height="29"
          width="35"
          xmlns="http://www.w3.org/2000/svg"
        >
          <rect
            fill="#FFF494"
            height="21.757"
            rx="10.879"
            width="21.757"
            x="0.689"
            y="0.143"
          />
          <rect
            fill="#D2FFFF"
            height="12.316"
            rx="5.884"
            width="11.768"
            x="10.678"
            y="6.848"
          />
          <rect
            fill="#D2FFFF"
            height="12.316"
            rx="5.884"
            width="11.768"
            x="10.678"
            y="6.848"
          />
          <rect
            fill="#D2FFFF"
            height="12.316"
            rx="5.884"
            width="11.768"
            x="10.678"
            y="6.848"
          />
          <rect
            fill="#D2FFFF"
            height="12.316"
            rx="5.884"
            width="11.768"
            x="16.562"
            y="11.09"
          />
          <rect
            fill="#D2FFFF"
            height="12.316"
            rx="5.884"
            width="11.768"
            x="16.562"
            y="11.09"
          />
          <rect
            fill="#D2FFFF"
            height="12.316"
            rx="5.884"
            width="11.768"
            x="16.562"
            y="11.09"
          />
          <rect
            fill="#D2FFFF"
            height="12.316"
            rx="5.884"
            width="11.768"
            x="6.3"
            y="11.637"
          />
          <rect
            fill="#D2FFFF"
            height="12.316"
            rx="5.884"
            width="11.768"
            x="6.3"
            y="11.637"
          />
          <rect
            fill="#D2FFFF"
            height="12.316"
            rx="5.884"
            width="11.768"
            x="6.3"
            y="11.637"
          />
          <rect
            fill="#D2FFFF"
            height="12.316"
            rx="5.884"
            width="11.768"
            x="1.51"
            y="15.743"
          />
          <rect
            fill="#D2FFFF"
            height="12.316"
            rx="5.884"
            width="11.768"
            x="1.51"
            y="15.743"
          />
          <rect
            fill="#D2FFFF"
            height="12.316"
            rx="5.884"
            width="11.768"
            x="1.51"
            y="15.743"
          />
          <rect
            fill="#D2FFFF"
            height="12.316"
            rx="5.884"
            width="11.768"
            x="9.173"
            y="15.743"
          />
          <rect
            fill="#D2FFFF"
            height="12.316"
            rx="5.884"
            width="11.768"
            x="9.173"
            y="15.743"
          />
          <rect
            fill="#D2FFFF"
            height="12.316"
            rx="5.884"
            width="11.768"
            x="9.173"
            y="15.743"
          />
          <rect
            fill="#D2FFFF"
            height="12.316"
            rx="5.884"
            width="11.768"
            x="15.604"
            y="15.743"
          />
          <rect
            fill="#D2FFFF"
            height="12.316"
            rx="5.884"
            width="11.768"
            x="15.604"
            y="15.743"
          />
          <rect
            fill="#D2FFFF"
            height="12.316"
            rx="5.884"
            width="11.768"
            x="15.604"
            y="15.743"
          />
          <path
            d="M22.447 21.763a5.884 5.884 0 0 1 11.768 0v.548a5.884 5.884 0 1 1-11.769 0v-.548Z"
            fill="#D2FFFF"
          />
          <path
            d="M22.447 21.763a5.884 5.884 0 0 1 11.768 0v.548a5.884 5.884 0 1 1-11.769 0v-.548Z"
            fill="#D2FFFF"
          />
          <path
            d="M22.447 21.763a5.884 5.884 0 0 1 11.768 0v.548a5.884 5.884 0 1 1-11.769 0v-.548Z"
            fill="#D2FFFF"
          />
        </svg>
      </label>
    </div>
  </div>
</body>
`;
